// Jest Snapshot v1, https://goo.gl/fbAQLP

exports[`injectDynamicStyleWeb genInjectContent 1`] = `
"
body.tip-match-notice {
  
  &--type-dialog {
    @import './dialog.scss';
  }

  &--type-icon {
    @import './icon.scss';
  }
}
"
`;
