// Jest Snapshot v1, https://goo.gl/fbAQLP

exports[`removeScoped should work correctly 1`] = `"<style lang="scss"  src="./css/index.scss"></style>"`;
